main.c:109:5:main	48	static
main.c:313:6:SystemClock_Config	88	static
main.c:358:13:MX_USART2_UART_Init	8	static
main.c:391:13:MX_GPIO_Init	48	static
main.c:432:9:UARTRecieveIT	16	static
main.c:444:6:HAL_UART_RxCpltCallback	16	static
main.c:451:6:Print_Main_Menu	120	static
main.c:461:6:Print_Menu_0	176	static
main.c:473:6:Print_fq	16	static
main.c:484:6:Print_OnOff	48	static
main.c:499:6:Print_Menu_1	104	static
main.c:509:6:Print_Error	40	static
main.c:516:6:Print_Back	40	static
main.c:529:6:Error_Handler	4	static,ignoring_inline_asm
